// Jest Snapshot v1, https://goo.gl/fbAQLP

exports[`pruebas en gif grid item debe mostrar componente correctamente  1`] = `
<div
  className="card animate__animated animate__rubberBand"
>
  <img
    alt="un titulo"
    src="https://localhost/algo.jpg"
  />
  <p>
    un titulo
  </p>
</div>
`;
